#-----------------------------------------------------------
# Vivado v2023.1 (64-bit)
# SW Build 3865809 on Sun May  7 15:04:56 MDT 2023
# IP Build 3864474 on Sun May  7 20:36:21 MDT 2023
# SharedData Build 3865790 on Sun May 07 13:33:03 MDT 2023
# Start of session at: Fri Apr  5 11:50:51 2024
# Process ID: 3792
# Current directory: /home/stud2021/1kolanko/JOS
# Command line: vivado
# Log file: /home/stud2021/1kolanko/JOS/vivado.log
# Journal file: /home/stud2021/1kolanko/JOS/vivado.jou
# Running On: stud209-4, OS: Linux, CPU Frequency: 3000.000 MHz, CPU Physical cores: 6, Host memory: 16552 MB
#-----------------------------------------------------------
start_gui
open_project /home/stud2021/1kolanko/JOS/lab2/zad2_mealy/Lab2_Mealy.xpr
update_compile_order -fileset sources_1
launch_runs synth_1 -jobs 3
wait_on_run synth_1
launch_runs impl_1 -jobs 3
wait_on_run impl_1
open_run impl_1
launch_runs impl_1 -to_step write_bitstream -jobs 3
wait_on_run impl_1
file mkdir /home/stud2021/1kolanko/JOS/lab2/zad2_mealy/Lab2_Mealy.srcs/constrs_1
file mkdir /home/stud2021/1kolanko/JOS/lab2/zad2_mealy/Lab2_Mealy.srcs/constrs_1/new
close [ open /home/stud2021/1kolanko/JOS/lab2/zad2_mealy/Lab2_Mealy.srcs/constrs_1/new/constrain.xdc w ]
add_files -fileset constrs_1 /home/stud2021/1kolanko/JOS/lab2/zad2_mealy/Lab2_Mealy.srcs/constrs_1/new/constrain.xdc
reset_run synth_1
launch_runs synth_1 -jobs 3
wait_on_run synth_1
launch_runs impl_1 -jobs 3
wait_on_run impl_1
close [ open /home/stud2021/1kolanko/JOS/lab2/zad2_mealy/Lab2_Mealy.srcs/constrs_1/new/timing.xdc w ]
add_files -fileset constrs_1 /home/stud2021/1kolanko/JOS/lab2/zad2_mealy/Lab2_Mealy.srcs/constrs_1/new/timing.xdc
refresh_design
reset_run synth_1
launch_runs impl_1 -to_step write_bitstream -jobs 3
wait_on_run impl_1
reset_run synth_1
launch_runs synth_1 -jobs 3
wait_on_run synth_1
close [ open /home/stud2021/1kolanko/JOS/lab2/zad2_mealy/Lab2_Mealy.srcs/sources_1/new/gen_en.sv w ]
add_files /home/stud2021/1kolanko/JOS/lab2/zad2_mealy/Lab2_Mealy.srcs/sources_1/new/gen_en.sv
update_compile_order -fileset sources_1
close [ open /home/stud2021/1kolanko/JOS/lab2/zad2_mealy/Lab2_Mealy.srcs/sources_1/new/top.sv w ]
add_files /home/stud2021/1kolanko/JOS/lab2/zad2_mealy/Lab2_Mealy.srcs/sources_1/new/top.sv
close [ open /home/stud2021/1kolanko/JOS/lab2/zad2_mealy/Lab2_Mealy.srcs/sources_1/new/clkdiv.sv w ]
add_files /home/stud2021/1kolanko/JOS/lab2/zad2_mealy/Lab2_Mealy.srcs/sources_1/new/clkdiv.sv
close [ open /home/stud2021/1kolanko/JOS/lab2/zad2_mealy/Lab2_Mealy.srcs/sources_1/new/prbsgen.sv w ]
add_files /home/stud2021/1kolanko/JOS/lab2/zad2_mealy/Lab2_Mealy.srcs/sources_1/new/prbsgen.sv
close [ open /home/stud2021/1kolanko/JOS/lab2/zad2_mealy/Lab2_Mealy.srcs/sources_1/new/trigg.sv w ]
add_files /home/stud2021/1kolanko/JOS/lab2/zad2_mealy/Lab2_Mealy.srcs/sources_1/new/trigg.sv
update_compile_order -fileset sources_1
update_compile_order -fileset sources_1
update_compile_order -fileset sources_1
update_compile_order -fileset sources_1
update_compile_order -fileset sources_1
reset_run synth_1
launch_runs impl_1 -to_step write_bitstream -jobs 3
wait_on_run impl_1
reset_run synth_1
launch_runs synth_1 -jobs 3
wait_on_run synth_1
update_compile_order -fileset sources_1
update_compile_order -fileset sources_1
reset_run synth_1
launch_runs synth_1 -jobs 3
wait_on_run synth_1
reset_run synth_1
launch_runs synth_1 -jobs 3
wait_on_run synth_1
reset_run synth_1
launch_runs synth_1 -jobs 3
wait_on_run synth_1
reset_run synth_1
launch_runs synth_1 -jobs 3
wait_on_run synth_1
reset_run synth_1
launch_runs synth_1 -jobs 3
wait_on_run synth_1
launch_runs impl_1 -jobs 3
wait_on_run impl_1
reset_run synth_1
launch_runs synth_1 -jobs 3
wait_on_run synth_1
launch_runs impl_1 -jobs 3
wait_on_run impl_1
reset_run synth_1
launch_runs impl_1 -to_step write_bitstream -jobs 3
wait_on_run impl_1
open_hw_manager
connect_hw_server -allow_non_jtag
open_hw_target
set_property PROGRAM.FILE {/home/stud2021/1kolanko/JOS/lab2/zad2_mealy/Lab2_Mealy.runs/impl_1/top.bit} [get_hw_devices xc7z020_1]
current_hw_device [get_hw_devices xc7z020_1]
refresh_hw_device -update_hw_probes false [lindex [get_hw_devices xc7z020_1] 0]
set_property PROBES.FILE {} [get_hw_devices xc7z020_1]
set_property FULL_PROBES.FILE {} [get_hw_devices xc7z020_1]
set_property PROGRAM.FILE {/home/stud2021/1kolanko/JOS/lab2/zad2_mealy/Lab2_Mealy.runs/impl_1/top.bit} [get_hw_devices xc7z020_1]
program_hw_devices [get_hw_devices xc7z020_1]
refresh_hw_device [lindex [get_hw_devices xc7z020_1] 0]
set_property PROBES.FILE {} [get_hw_devices xc7z020_1]
set_property FULL_PROBES.FILE {} [get_hw_devices xc7z020_1]
set_property PROGRAM.FILE {/home/stud2021/1kolanko/JOS/lab2/zad2_mealy/Lab2_Mealy.runs/impl_1/top.bit} [get_hw_devices xc7z020_1]
program_hw_devices [get_hw_devices xc7z020_1]
refresh_hw_device [lindex [get_hw_devices xc7z020_1] 0]
set_property used_in_synthesis false [get_files  /home/stud2021/1kolanko/JOS/lab2/zad2_mealy/Lab2_Mealy.srcs/constrs_1/new/constrain.xdc]
reset_run synth_1
launch_runs impl_1 -jobs 3
wait_on_run impl_1
launch_runs impl_1 -to_step write_bitstream -jobs 3
wait_on_run impl_1
reset_run synth_1
launch_runs impl_1 -to_step write_bitstream -jobs 3
wait_on_run impl_1
set_property PROBES.FILE {} [get_hw_devices xc7z020_1]
set_property FULL_PROBES.FILE {} [get_hw_devices xc7z020_1]
set_property PROGRAM.FILE {/home/stud2021/1kolanko/JOS/lab2/zad2_mealy/Lab2_Mealy.runs/impl_1/top.bit} [get_hw_devices xc7z020_1]
program_hw_devices [get_hw_devices xc7z020_1]
refresh_hw_device [lindex [get_hw_devices xc7z020_1] 0]
set_property PROBES.FILE {} [get_hw_devices xc7z020_1]
set_property FULL_PROBES.FILE {} [get_hw_devices xc7z020_1]
set_property PROGRAM.FILE {/home/stud2021/1kolanko/JOS/lab2/zad2_mealy/Lab2_Mealy.runs/impl_1/top.bit} [get_hw_devices xc7z020_1]
program_hw_devices [get_hw_devices xc7z020_1]
refresh_hw_device [lindex [get_hw_devices xc7z020_1] 0]
synth_design -top top -part xc7z020clg484-1 -lint 
close_design
close_hw_manager
reset_run synth_1
