#-----------------------------------------------------------
# Vivado v2023.1 (64-bit)
# SW Build 3865809 on Sun May  7 15:04:56 MDT 2023
# IP Build 3864474 on Sun May  7 20:36:21 MDT 2023
# SharedData Build 3865790 on Sun May 07 13:33:03 MDT 2023
# Start of session at: Fri Apr 12 12:54:14 2024
# Process ID: 22124
# Current directory: /home/stud2021/1kolanko/JOS/lab3/ftdi
# Command line: vivado
# Log file: /home/stud2021/1kolanko/JOS/lab3/ftdi/vivado.log
# Journal file: /home/stud2021/1kolanko/JOS/lab3/ftdi/vivado.jou
# Running On: stud209-4, OS: Linux, CPU Frequency: 3000.000 MHz, CPU Physical cores: 6, Host memory: 16552 MB
#-----------------------------------------------------------
start_gui
open_hw_manager
connect_hw_server -allow_non_jtag
open_hw_target
refresh_hw_target {localhost:3121/xilinx_tcf/Digilent/210248AA5810}
close_hw_target {localhost:3121/xilinx_tcf/Digilent/210248AA5810}
disconnect_hw_server localhost:3121
connect_hw_server -allow_non_jtag
open_hw_target
refresh_hw_target {localhost:3121/xilinx_tcf/Digilent/210248AA5810}
refresh_hw_device [lindex [get_hw_devices xc7z020_0] 0]
set_property PROBES.FILE {} [get_hw_devices xc7z020_0]
set_property FULL_PROBES.FILE {} [get_hw_devices xc7z020_0]
set_property PROGRAM.FILE {/home/stud2021/1kolanko/JOS/lab3/ftdi/top.bit} [get_hw_devices xc7z020_0]
program_hw_devices [get_hw_devices xc7z020_0]
refresh_hw_device [lindex [get_hw_devices xc7z020_0] 0]
set_property PROBES.FILE {} [get_hw_devices xc7z020_0]
set_property FULL_PROBES.FILE {} [get_hw_devices xc7z020_0]
set_property PROGRAM.FILE {/home/stud2021/1kolanko/JOS/lab3/ftdi/top.bit} [get_hw_devices xc7z020_0]
program_hw_devices [get_hw_devices xc7z020_0]
refresh_hw_device [lindex [get_hw_devices xc7z020_0] 0]
