#-----------------------------------------------------------
# Vivado v2020.2 (64-bit)
# SW Build 3064766 on Wed Nov 18 09:12:47 MST 2020
# IP Build 3064653 on Wed Nov 18 14:17:31 MST 2020
# Start of session at: Fri May 19 13:39:34 2023
# Process ID: 387908
# Current directory: /home/skoczen/xilinx_vivado/oleds/OLEDmy
# Command line: vivado OLEDmy.xpr
# Log file: /home/skoczen/xilinx_vivado/oleds/OLEDmy/vivado.log
# Journal file: /home/skoczen/xilinx_vivado/oleds/OLEDmy/vivado.jou
#-----------------------------------------------------------
start_gui
open_project OLEDmy.xpr
update_compile_order -fileset sources_1
reset_run synth_1
launch_runs impl_1 -jobs 8
wait_on_run impl_1
launch_runs impl_1 -to_step write_bitstream -jobs 8
wait_on_run impl_1
open_hw_manager
connect_hw_server -allow_non_jtag
open_hw_target
set_property PROGRAM.FILE {/home/skoczen/xilinx_vivado/oleds/OLEDmy/OLEDmy.runs/impl_1/oled_top.bit} [get_hw_devices xc7z020_1]
current_hw_device [get_hw_devices xc7z020_1]
refresh_hw_device -update_hw_probes false [lindex [get_hw_devices xc7z020_1] 0]
set_property PROBES.FILE {} [get_hw_devices xc7z020_1]
set_property FULL_PROBES.FILE {} [get_hw_devices xc7z020_1]
set_property PROGRAM.FILE {/home/skoczen/xilinx_vivado/oleds/OLEDmy/OLEDmy.runs/impl_1/oled_top.bit} [get_hw_devices xc7z020_1]
program_hw_devices [get_hw_devices xc7z020_1]
refresh_hw_device [lindex [get_hw_devices xc7z020_1] 0]
